Failed Tests (7):
  test-suite :: External/SPEC/CFP2017rate/503.bwaves_r/503.bwaves_r.test
  test-suite :: External/SPEC/CFP2017rate/521.wrf_r/521.wrf_r.test
  test-suite :: External/SPEC/CFP2017rate/527.cam4_r/527.cam4_r.test
  test-suite :: External/SPEC/CFP2017speed/603.bwaves_s/603.bwaves_s.test
  test-suite :: External/SPEC/CFP2017speed/621.wrf_s/621.wrf_s.test
  test-suite :: External/SPEC/CFP2017speed/627.cam4_s/627.cam4_s.test
  test-suite :: External/SPEC/CINT2006/445.gobmk/445.gobmk.test


Failed Tests (7):
  test-suite :: External/SPEC/CFP2017rate/503.bwaves_r/503.bwaves_r.test
  test-suite :: External/SPEC/CFP2017rate/521.wrf_r/521.wrf_r.test
  test-suite :: External/SPEC/CFP2017rate/527.cam4_r/527.cam4_r.test
  test-suite :: External/SPEC/CFP2017speed/603.bwaves_s/603.bwaves_s.test
  test-suite :: External/SPEC/CFP2017speed/621.wrf_s/621.wrf_s.test
  test-suite :: External/SPEC/CFP2017speed/627.cam4_s/627.cam4_s.test
  test-suite :: External/SPEC/CINT2006/445.gobmk/445.gobmk.test

